// Jest Snapshot v1, https://goo.gl/fbAQLP

exports[`ProductTable.vue renders an snapshot: default 1`] = `
<table>
    <thead>
        <tr>
            <th>Name</th>
            <th>Price</th>
        </tr>
    </thead>
    <tbody>
        <tr>
(??)
        </tr>
    </tbody>
</table>
`;
